// Jest Snapshot v1, https://goo.gl/fbAQLP

exports[`App when it renders matches snapshot 1`] = `
<CPULoadProvider>
  <h1>
    CPU Load Monitor
  </h1>
  <div
    className="dash-container"
  >
    <CurrentLoad />
    <HeavyLoad />
  </div>
  <LoadHistory />
</CPULoadProvider>
`;
